// Jest Snapshot v1, https://goo.gl/fbAQLP

exports[`SqrtPriceMath #getAmount0Delta gas cost for amount0 where roundUp = true 1`] = `263523`;

exports[`SqrtPriceMath #getAmount0Delta gas cost for amount0 where roundUp = true 2`] = `171679`;

exports[`SqrtPriceMath #getAmount1Delta gas cost for amount0 where roundUp = false 1`] = `171679`;

exports[`SqrtPriceMath #getAmount1Delta gas cost for amount0 where roundUp = true 1`] = `263523`;

exports[`SqrtPriceMath #getNextSqrtPriceFromInput zeroForOne = false gas 1`] = `128796`;

exports[`SqrtPriceMath #getNextSqrtPriceFromInput zeroForOne = true gas 1`] = `259615`;

exports[`SqrtPriceMath #getNextSqrtPriceFromOutput zeroForOne = false gas 1`] = `277399`;

exports[`SqrtPriceMath #getNextSqrtPriceFromOutput zeroForOne = true gas 1`] = `130128`;
