// Jest Snapshot v1, https://goo.gl/fbAQLP

exports[`TickBitmap #flipTick gas cost of flipping a tick that results in deleting a word 1`] = `2921063`;

exports[`TickBitmap #flipTick gas cost of flipping first tick in word to initialized 1`] = `2983679`;

exports[`TickBitmap #flipTick gas cost of flipping second tick in word to initialized 1`] = `3007103`;

exports[`TickBitmap #nextInitializedTickWithinOneWord lte = false gas cost for entire word 1`] = `134377`;

exports[`TickBitmap #nextInitializedTickWithinOneWord lte = false gas cost just below boundary 1`] = `390689`;

exports[`TickBitmap #nextInitializedTickWithinOneWord lte = false gas cost on boundary 1`] = `388469`;

exports[`TickBitmap #nextInitializedTickWithinOneWord lte = true gas cost for entire word 1`] = `127713`;

exports[`TickBitmap #nextInitializedTickWithinOneWord lte = true gas cost just below boundary 1`] = `435761`;

exports[`TickBitmap #nextInitializedTickWithinOneWord lte = true gas cost on boundary 1`] = `382209`;
